<?xml version="1.0" encoding="utf-8"?><testsuites name="pytest tests"><testsuite name="pytest" errors="0" failures="9" skipped="0" tests="25" time="59.141" timestamp="2026-03-22T18:32:20.154140+01:00" hostname="HaiP"><testcase classname="tests.test_attention" name="test_flash_forward_pass_pytorch" time="3.548" /><testcase classname="tests.test_attention" name="test_flash_forward_pass_triton[False]" time="0.854" /><testcase classname="tests.test_attention" name="test_flash_forward_pass_triton[True]" time="0.057" /><testcase classname="tests.test_attention" name="test_flash_backward_pytorch" time="2.416" /><testcase classname="tests.test_attention" name="test_flash_backward_triton[False]" time="0.056" /><testcase classname="tests.test_attention" name="test_flash_backward_triton[True]" time="0.024" /><testcase classname="tests.test_flash_attention.TestFlashAttentionForward" name="test_forward_correctness[1-128-128-triton]" time="1.190"><failure message="triton.runtime.errors.OutOfResources: out of resource: shared memory, Required: 106496, Hardware limit: 101376. Reducing block sizes or `num_stages` may help.">self = &lt;test_flash_attention.TestFlashAttentionForward object at 0x78ae5b44f710&gt;, device = 'cuda'
impl = &lt;function run_flash_attention_triton at 0x78ae7c1451c0&gt;, batch = 1, seq = 128, d = 128

    @pytest.mark.parametrize("impl", IMPLEMENTATIONS)
    @pytest.mark.parametrize(
        "batch,seq,d",
        [
            (1, 128, 128),  # Small
            (2, 256, 128),  # Medium
            (4, 512, 128),  # Larger
        ],
    )
    def test_forward_correctness(self, device, impl, batch, seq, d):
        """Test that Flash Attention matches reference implementation."""
        Q = torch.randn(batch, seq, d, device=device, dtype=torch.float32)
        K = torch.randn(batch, seq, d, device=device, dtype=torch.float32)
        V = torch.randn(batch, seq, d, device=device, dtype=torch.float32)
    
        y_ref = reference_attention(Q, K, V, is_causal=False)
&gt;       y_flash = impl(Q, K, V, False)
                  ^^^^^^^^^^^^^^^^^^^^

tests/test_flash_attention.py:82: 
_ _ _ _ _ _ _ _ _ _ _ _ _ _ _ _ _ _ _ _ _ _ _ _ _ _ _ _ _ _ _ _ _ _ _ _ _ _ _ _ _ _ _ _ _ _ _ _ _ _ _ _ _ _ _ _ _ _ _ _ 
tests/test_flash_attention.py:32: in run_flash_attention_triton
    return skip_on_triton_error(FlashAttentionTriton.apply, Q, K, V, is_causal)
           ^^^^^^^^^^^^^^^^^^^^^^^^^^^^^^^^^^^^^^^^^^^^^^^^^^^^^^^^^^^^^^^^^^^^
C:\Personal\Working\MVA\LLM\flash-attention-haiphamcse\tests\conftest.py:32: in skip_on_triton_error
    ???
/home/haipham/anaconda3/envs/llm/lib/python3.12/site-packages/torch/autograd/function.py:575: in apply
    return super().apply(*args, **kwargs)  # type: ignore[misc]
           ^^^^^^^^^^^^^^^^^^^^^^^^^^^^^^
flash_attention/flash_attention.py:319: in forward
    flash_fwd_kernel[grid](
/home/haipham/anaconda3/envs/llm/lib/python3.12/site-packages/triton/runtime/jit.py:330: in &lt;lambda&gt;
    return lambda *args, **kwargs: self.run(grid=grid, warmup=False, *args, **kwargs)
                                   ^^^^^^^^^^^^^^^^^^^^^^^^^^^^^^^^^^^^^^^^^^^^^^^^^^
/home/haipham/anaconda3/envs/llm/lib/python3.12/site-packages/triton/runtime/jit.py:653: in run
    kernel.run(grid_0, grid_1, grid_2, stream, kernel.function, kernel.packed_metadata, launch_metadata,
    ^^^^^^^^^^
/home/haipham/anaconda3/envs/llm/lib/python3.12/site-packages/triton/compiler/compiler.py:395: in __getattribute__
    self._init_handles()
_ _ _ _ _ _ _ _ _ _ _ _ _ _ _ _ _ _ _ _ _ _ _ _ _ _ _ _ _ _ _ _ _ _ _ _ _ _ _ _ _ _ _ _ _ _ _ _ _ _ _ _ _ _ _ _ _ _ _ _ 

self = &lt;triton.compiler.compiler.CompiledKernel object at 0x78ae4fd0e150&gt;

    def _init_handles(self):
        if self.module is not None:
            return
        device = driver.active.get_current_device()
        # create launcher
        self.run = driver.active.launcher_cls(self.src, self.metadata)
        # not enough shared memory to run the kernel
        max_shared = driver.active.utils.get_device_properties(device)["max_shared_mem"]
        if self.metadata.shared &gt; max_shared:
&gt;           raise OutOfResources(self.metadata.shared, max_shared, "shared memory")
E           triton.runtime.errors.OutOfResources: out of resource: shared memory, Required: 106496, Hardware limit: 101376. Reducing block sizes or `num_stages` may help.

/home/haipham/anaconda3/envs/llm/lib/python3.12/site-packages/triton/compiler/compiler.py:388: OutOfResources</failure></testcase><testcase classname="tests.test_flash_attention.TestFlashAttentionForward" name="test_forward_correctness[1-128-128-pytorch]" time="0.169" /><testcase classname="tests.test_flash_attention.TestFlashAttentionForward" name="test_forward_correctness[2-256-128-triton]" time="0.003"><failure message="triton.runtime.errors.OutOfResources: out of resource: shared memory, Required: 106496, Hardware limit: 101376. Reducing block sizes or `num_stages` may help.">self = &lt;test_flash_attention.TestFlashAttentionForward object at 0x78ae5b44fa10&gt;, device = 'cuda'
impl = &lt;function run_flash_attention_triton at 0x78ae7c1451c0&gt;, batch = 2, seq = 256, d = 128

    @pytest.mark.parametrize("impl", IMPLEMENTATIONS)
    @pytest.mark.parametrize(
        "batch,seq,d",
        [
            (1, 128, 128),  # Small
            (2, 256, 128),  # Medium
            (4, 512, 128),  # Larger
        ],
    )
    def test_forward_correctness(self, device, impl, batch, seq, d):
        """Test that Flash Attention matches reference implementation."""
        Q = torch.randn(batch, seq, d, device=device, dtype=torch.float32)
        K = torch.randn(batch, seq, d, device=device, dtype=torch.float32)
        V = torch.randn(batch, seq, d, device=device, dtype=torch.float32)
    
        y_ref = reference_attention(Q, K, V, is_causal=False)
&gt;       y_flash = impl(Q, K, V, False)
                  ^^^^^^^^^^^^^^^^^^^^

tests/test_flash_attention.py:82: 
_ _ _ _ _ _ _ _ _ _ _ _ _ _ _ _ _ _ _ _ _ _ _ _ _ _ _ _ _ _ _ _ _ _ _ _ _ _ _ _ _ _ _ _ _ _ _ _ _ _ _ _ _ _ _ _ _ _ _ _ 
tests/test_flash_attention.py:32: in run_flash_attention_triton
    return skip_on_triton_error(FlashAttentionTriton.apply, Q, K, V, is_causal)
           ^^^^^^^^^^^^^^^^^^^^^^^^^^^^^^^^^^^^^^^^^^^^^^^^^^^^^^^^^^^^^^^^^^^^
C:\Personal\Working\MVA\LLM\flash-attention-haiphamcse\tests\conftest.py:32: in skip_on_triton_error
    ???
/home/haipham/anaconda3/envs/llm/lib/python3.12/site-packages/torch/autograd/function.py:575: in apply
    return super().apply(*args, **kwargs)  # type: ignore[misc]
           ^^^^^^^^^^^^^^^^^^^^^^^^^^^^^^
flash_attention/flash_attention.py:319: in forward
    flash_fwd_kernel[grid](
/home/haipham/anaconda3/envs/llm/lib/python3.12/site-packages/triton/runtime/jit.py:330: in &lt;lambda&gt;
    return lambda *args, **kwargs: self.run(grid=grid, warmup=False, *args, **kwargs)
                                   ^^^^^^^^^^^^^^^^^^^^^^^^^^^^^^^^^^^^^^^^^^^^^^^^^^
/home/haipham/anaconda3/envs/llm/lib/python3.12/site-packages/triton/runtime/jit.py:653: in run
    kernel.run(grid_0, grid_1, grid_2, stream, kernel.function, kernel.packed_metadata, launch_metadata,
    ^^^^^^^^^^
/home/haipham/anaconda3/envs/llm/lib/python3.12/site-packages/triton/compiler/compiler.py:395: in __getattribute__
    self._init_handles()
_ _ _ _ _ _ _ _ _ _ _ _ _ _ _ _ _ _ _ _ _ _ _ _ _ _ _ _ _ _ _ _ _ _ _ _ _ _ _ _ _ _ _ _ _ _ _ _ _ _ _ _ _ _ _ _ _ _ _ _ 

self = &lt;triton.compiler.compiler.CompiledKernel object at 0x78ae4fd0e150&gt;

    def _init_handles(self):
        if self.module is not None:
            return
        device = driver.active.get_current_device()
        # create launcher
        self.run = driver.active.launcher_cls(self.src, self.metadata)
        # not enough shared memory to run the kernel
        max_shared = driver.active.utils.get_device_properties(device)["max_shared_mem"]
        if self.metadata.shared &gt; max_shared:
&gt;           raise OutOfResources(self.metadata.shared, max_shared, "shared memory")
E           triton.runtime.errors.OutOfResources: out of resource: shared memory, Required: 106496, Hardware limit: 101376. Reducing block sizes or `num_stages` may help.

/home/haipham/anaconda3/envs/llm/lib/python3.12/site-packages/triton/compiler/compiler.py:388: OutOfResources</failure></testcase><testcase classname="tests.test_flash_attention.TestFlashAttentionForward" name="test_forward_correctness[2-256-128-pytorch]" time="0.183" /><testcase classname="tests.test_flash_attention.TestFlashAttentionForward" name="test_forward_correctness[4-512-128-triton]" time="0.005"><failure message="triton.runtime.errors.OutOfResources: out of resource: shared memory, Required: 106496, Hardware limit: 101376. Reducing block sizes or `num_stages` may help.">self = &lt;test_flash_attention.TestFlashAttentionForward object at 0x78ae5b44fb30&gt;, device = 'cuda'
impl = &lt;function run_flash_attention_triton at 0x78ae7c1451c0&gt;, batch = 4, seq = 512, d = 128

    @pytest.mark.parametrize("impl", IMPLEMENTATIONS)
    @pytest.mark.parametrize(
        "batch,seq,d",
        [
            (1, 128, 128),  # Small
            (2, 256, 128),  # Medium
            (4, 512, 128),  # Larger
        ],
    )
    def test_forward_correctness(self, device, impl, batch, seq, d):
        """Test that Flash Attention matches reference implementation."""
        Q = torch.randn(batch, seq, d, device=device, dtype=torch.float32)
        K = torch.randn(batch, seq, d, device=device, dtype=torch.float32)
        V = torch.randn(batch, seq, d, device=device, dtype=torch.float32)
    
        y_ref = reference_attention(Q, K, V, is_causal=False)
&gt;       y_flash = impl(Q, K, V, False)
                  ^^^^^^^^^^^^^^^^^^^^

tests/test_flash_attention.py:82: 
_ _ _ _ _ _ _ _ _ _ _ _ _ _ _ _ _ _ _ _ _ _ _ _ _ _ _ _ _ _ _ _ _ _ _ _ _ _ _ _ _ _ _ _ _ _ _ _ _ _ _ _ _ _ _ _ _ _ _ _ 
tests/test_flash_attention.py:32: in run_flash_attention_triton
    return skip_on_triton_error(FlashAttentionTriton.apply, Q, K, V, is_causal)
           ^^^^^^^^^^^^^^^^^^^^^^^^^^^^^^^^^^^^^^^^^^^^^^^^^^^^^^^^^^^^^^^^^^^^
C:\Personal\Working\MVA\LLM\flash-attention-haiphamcse\tests\conftest.py:32: in skip_on_triton_error
    ???
/home/haipham/anaconda3/envs/llm/lib/python3.12/site-packages/torch/autograd/function.py:575: in apply
    return super().apply(*args, **kwargs)  # type: ignore[misc]
           ^^^^^^^^^^^^^^^^^^^^^^^^^^^^^^
flash_attention/flash_attention.py:319: in forward
    flash_fwd_kernel[grid](
/home/haipham/anaconda3/envs/llm/lib/python3.12/site-packages/triton/runtime/jit.py:330: in &lt;lambda&gt;
    return lambda *args, **kwargs: self.run(grid=grid, warmup=False, *args, **kwargs)
                                   ^^^^^^^^^^^^^^^^^^^^^^^^^^^^^^^^^^^^^^^^^^^^^^^^^^
/home/haipham/anaconda3/envs/llm/lib/python3.12/site-packages/triton/runtime/jit.py:653: in run
    kernel.run(grid_0, grid_1, grid_2, stream, kernel.function, kernel.packed_metadata, launch_metadata,
    ^^^^^^^^^^
/home/haipham/anaconda3/envs/llm/lib/python3.12/site-packages/triton/compiler/compiler.py:395: in __getattribute__
    self._init_handles()
_ _ _ _ _ _ _ _ _ _ _ _ _ _ _ _ _ _ _ _ _ _ _ _ _ _ _ _ _ _ _ _ _ _ _ _ _ _ _ _ _ _ _ _ _ _ _ _ _ _ _ _ _ _ _ _ _ _ _ _ 

self = &lt;triton.compiler.compiler.CompiledKernel object at 0x78ae4fd0e150&gt;

    def _init_handles(self):
        if self.module is not None:
            return
        device = driver.active.get_current_device()
        # create launcher
        self.run = driver.active.launcher_cls(self.src, self.metadata)
        # not enough shared memory to run the kernel
        max_shared = driver.active.utils.get_device_properties(device)["max_shared_mem"]
        if self.metadata.shared &gt; max_shared:
&gt;           raise OutOfResources(self.metadata.shared, max_shared, "shared memory")
E           triton.runtime.errors.OutOfResources: out of resource: shared memory, Required: 106496, Hardware limit: 101376. Reducing block sizes or `num_stages` may help.

/home/haipham/anaconda3/envs/llm/lib/python3.12/site-packages/triton/compiler/compiler.py:388: OutOfResources</failure></testcase><testcase classname="tests.test_flash_attention.TestFlashAttentionForward" name="test_forward_correctness[4-512-128-pytorch]" time="0.933" /><testcase classname="tests.test_flash_attention.TestFlashAttentionForward" name="test_causal_attention[1-128-128-triton]" time="1.358"><failure message="triton.runtime.errors.OutOfResources: out of resource: shared memory, Required: 106496, Hardware limit: 101376. Reducing block sizes or `num_stages` may help.">self = &lt;test_flash_attention.TestFlashAttentionForward object at 0x78ae5b44ffb0&gt;, device = 'cuda'
impl = &lt;function run_flash_attention_triton at 0x78ae7c1451c0&gt;, batch = 1, seq = 128, d = 128

    @pytest.mark.parametrize("impl", IMPLEMENTATIONS)
    @pytest.mark.parametrize(
        "batch,seq,d",
        [
            (1, 128, 128),
            (2, 256, 128),
        ],
    )
    def test_causal_attention(self, device, impl, batch, seq, d):
        """Test causal masking in Flash Attention."""
        Q = torch.randn(batch, seq, d, device=device, dtype=torch.float32)
        K = torch.randn(batch, seq, d, device=device, dtype=torch.float32)
        V = torch.randn(batch, seq, d, device=device, dtype=torch.float32)
    
        y_ref = reference_attention(Q, K, V, is_causal=True)
&gt;       y_flash = impl(Q, K, V, True)
                  ^^^^^^^^^^^^^^^^^^^

tests/test_flash_attention.py:101: 
_ _ _ _ _ _ _ _ _ _ _ _ _ _ _ _ _ _ _ _ _ _ _ _ _ _ _ _ _ _ _ _ _ _ _ _ _ _ _ _ _ _ _ _ _ _ _ _ _ _ _ _ _ _ _ _ _ _ _ _ 
tests/test_flash_attention.py:32: in run_flash_attention_triton
    return skip_on_triton_error(FlashAttentionTriton.apply, Q, K, V, is_causal)
           ^^^^^^^^^^^^^^^^^^^^^^^^^^^^^^^^^^^^^^^^^^^^^^^^^^^^^^^^^^^^^^^^^^^^
C:\Personal\Working\MVA\LLM\flash-attention-haiphamcse\tests\conftest.py:32: in skip_on_triton_error
    ???
/home/haipham/anaconda3/envs/llm/lib/python3.12/site-packages/torch/autograd/function.py:575: in apply
    return super().apply(*args, **kwargs)  # type: ignore[misc]
           ^^^^^^^^^^^^^^^^^^^^^^^^^^^^^^
flash_attention/flash_attention.py:319: in forward
    flash_fwd_kernel[grid](
/home/haipham/anaconda3/envs/llm/lib/python3.12/site-packages/triton/runtime/jit.py:330: in &lt;lambda&gt;
    return lambda *args, **kwargs: self.run(grid=grid, warmup=False, *args, **kwargs)
                                   ^^^^^^^^^^^^^^^^^^^^^^^^^^^^^^^^^^^^^^^^^^^^^^^^^^
/home/haipham/anaconda3/envs/llm/lib/python3.12/site-packages/triton/runtime/jit.py:653: in run
    kernel.run(grid_0, grid_1, grid_2, stream, kernel.function, kernel.packed_metadata, launch_metadata,
    ^^^^^^^^^^
/home/haipham/anaconda3/envs/llm/lib/python3.12/site-packages/triton/compiler/compiler.py:395: in __getattribute__
    self._init_handles()
_ _ _ _ _ _ _ _ _ _ _ _ _ _ _ _ _ _ _ _ _ _ _ _ _ _ _ _ _ _ _ _ _ _ _ _ _ _ _ _ _ _ _ _ _ _ _ _ _ _ _ _ _ _ _ _ _ _ _ _ 

self = &lt;triton.compiler.compiler.CompiledKernel object at 0x78ae4fc54c50&gt;

    def _init_handles(self):
        if self.module is not None:
            return
        device = driver.active.get_current_device()
        # create launcher
        self.run = driver.active.launcher_cls(self.src, self.metadata)
        # not enough shared memory to run the kernel
        max_shared = driver.active.utils.get_device_properties(device)["max_shared_mem"]
        if self.metadata.shared &gt; max_shared:
&gt;           raise OutOfResources(self.metadata.shared, max_shared, "shared memory")
E           triton.runtime.errors.OutOfResources: out of resource: shared memory, Required: 106496, Hardware limit: 101376. Reducing block sizes or `num_stages` may help.

/home/haipham/anaconda3/envs/llm/lib/python3.12/site-packages/triton/compiler/compiler.py:388: OutOfResources</failure></testcase><testcase classname="tests.test_flash_attention.TestFlashAttentionForward" name="test_causal_attention[1-128-128-pytorch]" time="0.054" /><testcase classname="tests.test_flash_attention.TestFlashAttentionForward" name="test_causal_attention[2-256-128-triton]" time="0.003"><failure message="triton.runtime.errors.OutOfResources: out of resource: shared memory, Required: 106496, Hardware limit: 101376. Reducing block sizes or `num_stages` may help.">self = &lt;test_flash_attention.TestFlashAttentionForward object at 0x78ae5b478380&gt;, device = 'cuda'
impl = &lt;function run_flash_attention_triton at 0x78ae7c1451c0&gt;, batch = 2, seq = 256, d = 128

    @pytest.mark.parametrize("impl", IMPLEMENTATIONS)
    @pytest.mark.parametrize(
        "batch,seq,d",
        [
            (1, 128, 128),
            (2, 256, 128),
        ],
    )
    def test_causal_attention(self, device, impl, batch, seq, d):
        """Test causal masking in Flash Attention."""
        Q = torch.randn(batch, seq, d, device=device, dtype=torch.float32)
        K = torch.randn(batch, seq, d, device=device, dtype=torch.float32)
        V = torch.randn(batch, seq, d, device=device, dtype=torch.float32)
    
        y_ref = reference_attention(Q, K, V, is_causal=True)
&gt;       y_flash = impl(Q, K, V, True)
                  ^^^^^^^^^^^^^^^^^^^

tests/test_flash_attention.py:101: 
_ _ _ _ _ _ _ _ _ _ _ _ _ _ _ _ _ _ _ _ _ _ _ _ _ _ _ _ _ _ _ _ _ _ _ _ _ _ _ _ _ _ _ _ _ _ _ _ _ _ _ _ _ _ _ _ _ _ _ _ 
tests/test_flash_attention.py:32: in run_flash_attention_triton
    return skip_on_triton_error(FlashAttentionTriton.apply, Q, K, V, is_causal)
           ^^^^^^^^^^^^^^^^^^^^^^^^^^^^^^^^^^^^^^^^^^^^^^^^^^^^^^^^^^^^^^^^^^^^
C:\Personal\Working\MVA\LLM\flash-attention-haiphamcse\tests\conftest.py:32: in skip_on_triton_error
    ???
/home/haipham/anaconda3/envs/llm/lib/python3.12/site-packages/torch/autograd/function.py:575: in apply
    return super().apply(*args, **kwargs)  # type: ignore[misc]
           ^^^^^^^^^^^^^^^^^^^^^^^^^^^^^^
flash_attention/flash_attention.py:319: in forward
    flash_fwd_kernel[grid](
/home/haipham/anaconda3/envs/llm/lib/python3.12/site-packages/triton/runtime/jit.py:330: in &lt;lambda&gt;
    return lambda *args, **kwargs: self.run(grid=grid, warmup=False, *args, **kwargs)
                                   ^^^^^^^^^^^^^^^^^^^^^^^^^^^^^^^^^^^^^^^^^^^^^^^^^^
/home/haipham/anaconda3/envs/llm/lib/python3.12/site-packages/triton/runtime/jit.py:653: in run
    kernel.run(grid_0, grid_1, grid_2, stream, kernel.function, kernel.packed_metadata, launch_metadata,
    ^^^^^^^^^^
/home/haipham/anaconda3/envs/llm/lib/python3.12/site-packages/triton/compiler/compiler.py:395: in __getattribute__
    self._init_handles()
_ _ _ _ _ _ _ _ _ _ _ _ _ _ _ _ _ _ _ _ _ _ _ _ _ _ _ _ _ _ _ _ _ _ _ _ _ _ _ _ _ _ _ _ _ _ _ _ _ _ _ _ _ _ _ _ _ _ _ _ 

self = &lt;triton.compiler.compiler.CompiledKernel object at 0x78ae4fc54c50&gt;

    def _init_handles(self):
        if self.module is not None:
            return
        device = driver.active.get_current_device()
        # create launcher
        self.run = driver.active.launcher_cls(self.src, self.metadata)
        # not enough shared memory to run the kernel
        max_shared = driver.active.utils.get_device_properties(device)["max_shared_mem"]
        if self.metadata.shared &gt; max_shared:
&gt;           raise OutOfResources(self.metadata.shared, max_shared, "shared memory")
E           triton.runtime.errors.OutOfResources: out of resource: shared memory, Required: 106496, Hardware limit: 101376. Reducing block sizes or `num_stages` may help.

/home/haipham/anaconda3/envs/llm/lib/python3.12/site-packages/triton/compiler/compiler.py:388: OutOfResources</failure></testcase><testcase classname="tests.test_flash_attention.TestFlashAttentionForward" name="test_causal_attention[2-256-128-pytorch]" time="0.154" /><testcase classname="tests.test_flash_attention.TestFlashAttentionForward" name="test_output_shape[triton]" time="0.004"><failure message="triton.runtime.errors.OutOfResources: out of resource: shared memory, Required: 106496, Hardware limit: 101376. Reducing block sizes or `num_stages` may help.">self = &lt;test_flash_attention.TestFlashAttentionForward object at 0x78ae5b4786b0&gt;, device = 'cuda'
impl = &lt;function run_flash_attention_triton at 0x78ae7c1451c0&gt;

    @pytest.mark.parametrize("impl", IMPLEMENTATIONS)
    def test_output_shape(self, device, impl):
        """Test that output has correct shape."""
        batch, seq, d = 2, 256, 128
        Q = torch.randn(batch, seq, d, device=device)
        K = torch.randn(batch, seq, d, device=device)
        V = torch.randn(batch, seq, d, device=device)
    
&gt;       O = impl(Q, K, V, False)
            ^^^^^^^^^^^^^^^^^^^^

tests/test_flash_attention.py:113: 
_ _ _ _ _ _ _ _ _ _ _ _ _ _ _ _ _ _ _ _ _ _ _ _ _ _ _ _ _ _ _ _ _ _ _ _ _ _ _ _ _ _ _ _ _ _ _ _ _ _ _ _ _ _ _ _ _ _ _ _ 
tests/test_flash_attention.py:32: in run_flash_attention_triton
    return skip_on_triton_error(FlashAttentionTriton.apply, Q, K, V, is_causal)
           ^^^^^^^^^^^^^^^^^^^^^^^^^^^^^^^^^^^^^^^^^^^^^^^^^^^^^^^^^^^^^^^^^^^^
C:\Personal\Working\MVA\LLM\flash-attention-haiphamcse\tests\conftest.py:32: in skip_on_triton_error
    ???
/home/haipham/anaconda3/envs/llm/lib/python3.12/site-packages/torch/autograd/function.py:575: in apply
    return super().apply(*args, **kwargs)  # type: ignore[misc]
           ^^^^^^^^^^^^^^^^^^^^^^^^^^^^^^
flash_attention/flash_attention.py:319: in forward
    flash_fwd_kernel[grid](
/home/haipham/anaconda3/envs/llm/lib/python3.12/site-packages/triton/runtime/jit.py:330: in &lt;lambda&gt;
    return lambda *args, **kwargs: self.run(grid=grid, warmup=False, *args, **kwargs)
                                   ^^^^^^^^^^^^^^^^^^^^^^^^^^^^^^^^^^^^^^^^^^^^^^^^^^
/home/haipham/anaconda3/envs/llm/lib/python3.12/site-packages/triton/runtime/jit.py:653: in run
    kernel.run(grid_0, grid_1, grid_2, stream, kernel.function, kernel.packed_metadata, launch_metadata,
    ^^^^^^^^^^
/home/haipham/anaconda3/envs/llm/lib/python3.12/site-packages/triton/compiler/compiler.py:395: in __getattribute__
    self._init_handles()
_ _ _ _ _ _ _ _ _ _ _ _ _ _ _ _ _ _ _ _ _ _ _ _ _ _ _ _ _ _ _ _ _ _ _ _ _ _ _ _ _ _ _ _ _ _ _ _ _ _ _ _ _ _ _ _ _ _ _ _ 

self = &lt;triton.compiler.compiler.CompiledKernel object at 0x78ae4fd0e150&gt;

    def _init_handles(self):
        if self.module is not None:
            return
        device = driver.active.get_current_device()
        # create launcher
        self.run = driver.active.launcher_cls(self.src, self.metadata)
        # not enough shared memory to run the kernel
        max_shared = driver.active.utils.get_device_properties(device)["max_shared_mem"]
        if self.metadata.shared &gt; max_shared:
&gt;           raise OutOfResources(self.metadata.shared, max_shared, "shared memory")
E           triton.runtime.errors.OutOfResources: out of resource: shared memory, Required: 106496, Hardware limit: 101376. Reducing block sizes or `num_stages` may help.

/home/haipham/anaconda3/envs/llm/lib/python3.12/site-packages/triton/compiler/compiler.py:388: OutOfResources</failure></testcase><testcase classname="tests.test_flash_attention.TestFlashAttentionForward" name="test_output_shape[pytorch]" time="0.201" /><testcase classname="tests.test_flash_attention.TestFlashAttentionBackward" name="test_backward_correctness[2-128-128-triton]" time="0.003"><failure message="triton.runtime.errors.OutOfResources: out of resource: shared memory, Required: 106496, Hardware limit: 101376. Reducing block sizes or `num_stages` may help.">self = &lt;test_flash_attention.TestFlashAttentionBackward object at 0x78ae5b44fda0&gt;, device = 'cuda'
impl = &lt;function run_flash_attention_triton at 0x78ae7c1451c0&gt;, batch = 2, seq = 128, d = 128

    @pytest.mark.parametrize("impl", IMPLEMENTATIONS)
    @pytest.mark.parametrize(
        "batch,seq,d",
        [
            (2, 128, 128),
            (2, 256, 128),
        ],
    )
    def test_backward_correctness(self, device, impl, batch, seq, d):
        """Test that backward pass produces correct gradients."""
        Q_ref = torch.randn(batch, seq, d, device=device, requires_grad=True)
        K_ref = torch.randn(batch, seq, d, device=device, requires_grad=True)
        V_ref = torch.randn(batch, seq, d, device=device, requires_grad=True)
    
        Q_flash = Q_ref.detach().clone().requires_grad_(True)
        K_flash = K_ref.detach().clone().requires_grad_(True)
        V_flash = V_ref.detach().clone().requires_grad_(True)
    
        # Forward
        y_ref = reference_attention(Q_ref, K_ref, V_ref, is_causal=False)
&gt;       y_flash = impl(Q_flash, K_flash, V_flash, False)
                  ^^^^^^^^^^^^^^^^^^^^^^^^^^^^^^^^^^^^^^

tests/test_flash_attention.py:141: 
_ _ _ _ _ _ _ _ _ _ _ _ _ _ _ _ _ _ _ _ _ _ _ _ _ _ _ _ _ _ _ _ _ _ _ _ _ _ _ _ _ _ _ _ _ _ _ _ _ _ _ _ _ _ _ _ _ _ _ _ 
tests/test_flash_attention.py:32: in run_flash_attention_triton
    return skip_on_triton_error(FlashAttentionTriton.apply, Q, K, V, is_causal)
           ^^^^^^^^^^^^^^^^^^^^^^^^^^^^^^^^^^^^^^^^^^^^^^^^^^^^^^^^^^^^^^^^^^^^
C:\Personal\Working\MVA\LLM\flash-attention-haiphamcse\tests\conftest.py:32: in skip_on_triton_error
    ???
/home/haipham/anaconda3/envs/llm/lib/python3.12/site-packages/torch/autograd/function.py:575: in apply
    return super().apply(*args, **kwargs)  # type: ignore[misc]
           ^^^^^^^^^^^^^^^^^^^^^^^^^^^^^^
flash_attention/flash_attention.py:319: in forward
    flash_fwd_kernel[grid](
/home/haipham/anaconda3/envs/llm/lib/python3.12/site-packages/triton/runtime/jit.py:330: in &lt;lambda&gt;
    return lambda *args, **kwargs: self.run(grid=grid, warmup=False, *args, **kwargs)
                                   ^^^^^^^^^^^^^^^^^^^^^^^^^^^^^^^^^^^^^^^^^^^^^^^^^^
/home/haipham/anaconda3/envs/llm/lib/python3.12/site-packages/triton/runtime/jit.py:653: in run
    kernel.run(grid_0, grid_1, grid_2, stream, kernel.function, kernel.packed_metadata, launch_metadata,
    ^^^^^^^^^^
/home/haipham/anaconda3/envs/llm/lib/python3.12/site-packages/triton/compiler/compiler.py:395: in __getattribute__
    self._init_handles()
_ _ _ _ _ _ _ _ _ _ _ _ _ _ _ _ _ _ _ _ _ _ _ _ _ _ _ _ _ _ _ _ _ _ _ _ _ _ _ _ _ _ _ _ _ _ _ _ _ _ _ _ _ _ _ _ _ _ _ _ 

self = &lt;triton.compiler.compiler.CompiledKernel object at 0x78ae4fd0e150&gt;

    def _init_handles(self):
        if self.module is not None:
            return
        device = driver.active.get_current_device()
        # create launcher
        self.run = driver.active.launcher_cls(self.src, self.metadata)
        # not enough shared memory to run the kernel
        max_shared = driver.active.utils.get_device_properties(device)["max_shared_mem"]
        if self.metadata.shared &gt; max_shared:
&gt;           raise OutOfResources(self.metadata.shared, max_shared, "shared memory")
E           triton.runtime.errors.OutOfResources: out of resource: shared memory, Required: 106496, Hardware limit: 101376. Reducing block sizes or `num_stages` may help.

/home/haipham/anaconda3/envs/llm/lib/python3.12/site-packages/triton/compiler/compiler.py:388: OutOfResources</failure></testcase><testcase classname="tests.test_flash_attention.TestFlashAttentionBackward" name="test_backward_correctness[2-128-128-pytorch]" time="0.054" /><testcase classname="tests.test_flash_attention.TestFlashAttentionBackward" name="test_backward_correctness[2-256-128-triton]" time="0.002"><failure message="triton.runtime.errors.OutOfResources: out of resource: shared memory, Required: 106496, Hardware limit: 101376. Reducing block sizes or `num_stages` may help.">self = &lt;test_flash_attention.TestFlashAttentionBackward object at 0x78ae5b44fe90&gt;, device = 'cuda'
impl = &lt;function run_flash_attention_triton at 0x78ae7c1451c0&gt;, batch = 2, seq = 256, d = 128

    @pytest.mark.parametrize("impl", IMPLEMENTATIONS)
    @pytest.mark.parametrize(
        "batch,seq,d",
        [
            (2, 128, 128),
            (2, 256, 128),
        ],
    )
    def test_backward_correctness(self, device, impl, batch, seq, d):
        """Test that backward pass produces correct gradients."""
        Q_ref = torch.randn(batch, seq, d, device=device, requires_grad=True)
        K_ref = torch.randn(batch, seq, d, device=device, requires_grad=True)
        V_ref = torch.randn(batch, seq, d, device=device, requires_grad=True)
    
        Q_flash = Q_ref.detach().clone().requires_grad_(True)
        K_flash = K_ref.detach().clone().requires_grad_(True)
        V_flash = V_ref.detach().clone().requires_grad_(True)
    
        # Forward
        y_ref = reference_attention(Q_ref, K_ref, V_ref, is_causal=False)
&gt;       y_flash = impl(Q_flash, K_flash, V_flash, False)
                  ^^^^^^^^^^^^^^^^^^^^^^^^^^^^^^^^^^^^^^

tests/test_flash_attention.py:141: 
_ _ _ _ _ _ _ _ _ _ _ _ _ _ _ _ _ _ _ _ _ _ _ _ _ _ _ _ _ _ _ _ _ _ _ _ _ _ _ _ _ _ _ _ _ _ _ _ _ _ _ _ _ _ _ _ _ _ _ _ 
tests/test_flash_attention.py:32: in run_flash_attention_triton
    return skip_on_triton_error(FlashAttentionTriton.apply, Q, K, V, is_causal)
           ^^^^^^^^^^^^^^^^^^^^^^^^^^^^^^^^^^^^^^^^^^^^^^^^^^^^^^^^^^^^^^^^^^^^
C:\Personal\Working\MVA\LLM\flash-attention-haiphamcse\tests\conftest.py:32: in skip_on_triton_error
    ???
/home/haipham/anaconda3/envs/llm/lib/python3.12/site-packages/torch/autograd/function.py:575: in apply
    return super().apply(*args, **kwargs)  # type: ignore[misc]
           ^^^^^^^^^^^^^^^^^^^^^^^^^^^^^^
flash_attention/flash_attention.py:319: in forward
    flash_fwd_kernel[grid](
/home/haipham/anaconda3/envs/llm/lib/python3.12/site-packages/triton/runtime/jit.py:330: in &lt;lambda&gt;
    return lambda *args, **kwargs: self.run(grid=grid, warmup=False, *args, **kwargs)
                                   ^^^^^^^^^^^^^^^^^^^^^^^^^^^^^^^^^^^^^^^^^^^^^^^^^^
/home/haipham/anaconda3/envs/llm/lib/python3.12/site-packages/triton/runtime/jit.py:653: in run
    kernel.run(grid_0, grid_1, grid_2, stream, kernel.function, kernel.packed_metadata, launch_metadata,
    ^^^^^^^^^^
/home/haipham/anaconda3/envs/llm/lib/python3.12/site-packages/triton/compiler/compiler.py:395: in __getattribute__
    self._init_handles()
_ _ _ _ _ _ _ _ _ _ _ _ _ _ _ _ _ _ _ _ _ _ _ _ _ _ _ _ _ _ _ _ _ _ _ _ _ _ _ _ _ _ _ _ _ _ _ _ _ _ _ _ _ _ _ _ _ _ _ _ 

self = &lt;triton.compiler.compiler.CompiledKernel object at 0x78ae4fd0e150&gt;

    def _init_handles(self):
        if self.module is not None:
            return
        device = driver.active.get_current_device()
        # create launcher
        self.run = driver.active.launcher_cls(self.src, self.metadata)
        # not enough shared memory to run the kernel
        max_shared = driver.active.utils.get_device_properties(device)["max_shared_mem"]
        if self.metadata.shared &gt; max_shared:
&gt;           raise OutOfResources(self.metadata.shared, max_shared, "shared memory")
E           triton.runtime.errors.OutOfResources: out of resource: shared memory, Required: 106496, Hardware limit: 101376. Reducing block sizes or `num_stages` may help.

/home/haipham/anaconda3/envs/llm/lib/python3.12/site-packages/triton/compiler/compiler.py:388: OutOfResources</failure></testcase><testcase classname="tests.test_flash_attention.TestFlashAttentionBackward" name="test_backward_correctness[2-256-128-pytorch]" time="0.211" /><testcase classname="tests.test_flash_attention.TestFlashAttentionBackward" name="test_backward_causal[triton]" time="0.005"><failure message="triton.runtime.errors.OutOfResources: out of resource: shared memory, Required: 106496, Hardware limit: 101376. Reducing block sizes or `num_stages` may help.">self = &lt;test_flash_attention.TestFlashAttentionBackward object at 0x78ae5b478f80&gt;, device = 'cuda'
impl = &lt;function run_flash_attention_triton at 0x78ae7c1451c0&gt;

    @pytest.mark.parametrize("impl", IMPLEMENTATIONS)
    def test_backward_causal(self, device, impl):
        """Test backward pass with causal masking."""
        batch, seq, d = 2, 128, 128
    
        Q_ref = torch.randn(batch, seq, d, device=device, requires_grad=True)
        K_ref = torch.randn(batch, seq, d, device=device, requires_grad=True)
        V_ref = torch.randn(batch, seq, d, device=device, requires_grad=True)
    
        Q_flash = Q_ref.detach().clone().requires_grad_(True)
        K_flash = K_ref.detach().clone().requires_grad_(True)
        V_flash = V_ref.detach().clone().requires_grad_(True)
    
        # Forward with causal
        y_ref = reference_attention(Q_ref, K_ref, V_ref, is_causal=True)
&gt;       y_flash = impl(Q_flash, K_flash, V_flash, True)
                  ^^^^^^^^^^^^^^^^^^^^^^^^^^^^^^^^^^^^^

tests/test_flash_attention.py:167: 
_ _ _ _ _ _ _ _ _ _ _ _ _ _ _ _ _ _ _ _ _ _ _ _ _ _ _ _ _ _ _ _ _ _ _ _ _ _ _ _ _ _ _ _ _ _ _ _ _ _ _ _ _ _ _ _ _ _ _ _ 
tests/test_flash_attention.py:32: in run_flash_attention_triton
    return skip_on_triton_error(FlashAttentionTriton.apply, Q, K, V, is_causal)
           ^^^^^^^^^^^^^^^^^^^^^^^^^^^^^^^^^^^^^^^^^^^^^^^^^^^^^^^^^^^^^^^^^^^^
C:\Personal\Working\MVA\LLM\flash-attention-haiphamcse\tests\conftest.py:32: in skip_on_triton_error
    ???
/home/haipham/anaconda3/envs/llm/lib/python3.12/site-packages/torch/autograd/function.py:575: in apply
    return super().apply(*args, **kwargs)  # type: ignore[misc]
           ^^^^^^^^^^^^^^^^^^^^^^^^^^^^^^
flash_attention/flash_attention.py:319: in forward
    flash_fwd_kernel[grid](
/home/haipham/anaconda3/envs/llm/lib/python3.12/site-packages/triton/runtime/jit.py:330: in &lt;lambda&gt;
    return lambda *args, **kwargs: self.run(grid=grid, warmup=False, *args, **kwargs)
                                   ^^^^^^^^^^^^^^^^^^^^^^^^^^^^^^^^^^^^^^^^^^^^^^^^^^
/home/haipham/anaconda3/envs/llm/lib/python3.12/site-packages/triton/runtime/jit.py:653: in run
    kernel.run(grid_0, grid_1, grid_2, stream, kernel.function, kernel.packed_metadata, launch_metadata,
    ^^^^^^^^^^
/home/haipham/anaconda3/envs/llm/lib/python3.12/site-packages/triton/compiler/compiler.py:395: in __getattribute__
    self._init_handles()
_ _ _ _ _ _ _ _ _ _ _ _ _ _ _ _ _ _ _ _ _ _ _ _ _ _ _ _ _ _ _ _ _ _ _ _ _ _ _ _ _ _ _ _ _ _ _ _ _ _ _ _ _ _ _ _ _ _ _ _ 

self = &lt;triton.compiler.compiler.CompiledKernel object at 0x78ae4fc54c50&gt;

    def _init_handles(self):
        if self.module is not None:
            return
        device = driver.active.get_current_device()
        # create launcher
        self.run = driver.active.launcher_cls(self.src, self.metadata)
        # not enough shared memory to run the kernel
        max_shared = driver.active.utils.get_device_properties(device)["max_shared_mem"]
        if self.metadata.shared &gt; max_shared:
&gt;           raise OutOfResources(self.metadata.shared, max_shared, "shared memory")
E           triton.runtime.errors.OutOfResources: out of resource: shared memory, Required: 106496, Hardware limit: 101376. Reducing block sizes or `num_stages` may help.

/home/haipham/anaconda3/envs/llm/lib/python3.12/site-packages/triton/compiler/compiler.py:388: OutOfResources</failure></testcase><testcase classname="tests.test_flash_attention.TestFlashAttentionBackward" name="test_backward_causal[pytorch]" time="0.057" /><testcase classname="tests.test_flash_memory" name="test_flash_attention_no_quadratic_saved_tensors" time="43.035" /><testcase time="0.000" /></testsuite></testsuites>